GLOBAL___INDICATOR="true"
MYARR="11 33"
MYKEY___BAR="cold"
MYKEY___BAZ="planet"
MYKEY___FOO="hello"
SMOKE="conf_dir/production"
