WITH_NEWLINE="a\nnewline"
WITH_QUOTES="some string with \"quotes'"
WITH_SPACES='just spaces'
