{
    "GLOBAL__INDICATOR": "true",
    "SMOKE": "global_default"
}
